// Jest Snapshot v1, https://goo.gl/fbAQLP

exports[`Pruebas sobre <Navbar/> Debe renderizarse correctamente 1`] = `
<nav
  className="navbar navbar-expand-sm navbar-dark bg-dark"
>
  <div
    className="container-fluid"
  >
    <a
      className="navbar-brand"
      href="/"
      onClick={[Function]}
    >
      Asociaciones
    </a>
    <div
      className="navbar-collapse justify-content-sm-between "
    >
      <div
        className="navbar-nav"
      >
        <a
          className="nav-item nav-link"
          href="/marvel"
          onClick={[Function]}
        >
          Marvel
        </a>
        <a
          className="nav-item nav-link"
          href="/dc"
          onClick={[Function]}
        >
          DC
        </a>
        <a
          className="nav-item nav-link"
          href="/search"
          onClick={[Function]}
        >
          Search
        </a>
      </div>
      <div
        className="navbar-nav"
      >
        <span
          className="nav-item nav-link text-info"
        >
          Crhistian
        </span>
        <button
          className="nav-item nav-link btn logoutLink"
          onClick={[Function]}
        >
          Logout
        </button>
      </div>
    </div>
  </div>
</nav>
`;
